../Core/Inc/msg_handler.hpp:19:3:MsgHandler::MsgHandler(UART_HandleTypeDef*)	16	static
../Core/Inc/msg_handler.hpp:29:3:MsgHandler::~MsgHandler()	16	static
../Core/Inc/msg_handler.hpp:38:8:bool MsgHandler::unlock_timeout()	16	static
/opt/st/stm32cubeide_1.14.0/plugins/com.st.stm32cube.ide.mcu.externaltools.gnu-tools-for-stm32.11.3.rel1.linux64_1.1.100.202309141235/tools/arm-none-eabi/include/c++/11.3.1/arm-none-eabi/thumb/v7e-m+fp/hard/bits/gthr-default.h:229:1:int __gthread_key_delete(__gthread_key_t)	16	static
../Core/Src/main.cpp:118:5:int main()	40	static
../Core/Src/main.cpp:216:6:void Set_Speed_Polar(float, float, float)	40	static
../Core/Src/main.cpp:221:6:void Set_Speeds(float, float, float)	48	static
../Core/Src/main.cpp:228:6:void Set_position(float, float, float)	88	static
../Core/Src/main.cpp:262:6:void SystemClock_Config()	88	static
../Core/Src/main.cpp:317:13:void MX_SPI1_Init()	8	static
../Core/Src/main.cpp:355:13:void MX_TIM2_Init()	32	static
../Core/Src/main.cpp:400:13:void MX_USART2_UART_Init()	8	static
../Core/Src/main.cpp:433:13:void MX_GPIO_Init()	48	static
../Core/Src/main.cpp:478:6:void HAL_UART_TxCpltCallback(UART_HandleTypeDef*)	16	static
../Core/Src/main.cpp:489:6:void HAL_UART_RxCpltCallback(UART_HandleTypeDef*)	16	static
../Core/Src/main.cpp:499:6:void HAL_TIM_PeriodElapsedCallback(TIM_HandleTypeDef*)	16	static
../Core/Src/main.cpp:521:6:void Error_Handler()	4	static,ignoring_inline_asm
../Core/Src/main.cpp:530:1:void __static_initialization_and_destruction_0(int, int)	16	static
../Core/Src/main.cpp:530:1:cpp)	8	static
../Core/Src/main.cpp:530:1:cpp)	8	static
